---
version: 1
interactions:
- request:
    body: '{"name":"tf-vol-agitated-swartz","organization":"105bdce1-64c0-48ab-899d-868455867ecf","volume_type":"b_ssd","size":2000000000}'
    form: {}
    headers:
      Content-Type:
      - application/json
      User-Agent:
      - scaleway-sdk-go/v1.0.0-beta.7+dev (go1.21.1; darwin; amd64) terraform-provider/develop
        terraform/terraform-tests
    url: https://api.scaleway.com/instance/v1/zones/fr-par-1/volumes
    method: POST
  response:
    body: '{"volume":{"creation_date":"2023-10-16T16:29:56.158527+00:00","export_uri":null,"id":"660c51b1-f4da-4b44-a07d-2f957578c2fc","modification_date":"2023-10-16T16:29:56.158527+00:00","name":"tf-vol-agitated-swartz","organization":"105bdce1-64c0-48ab-899d-868455867ecf","project":"105bdce1-64c0-48ab-899d-868455867ecf","server":null,"size":2000000000,"state":"available","tags":[],"volume_type":"b_ssd","zone":"fr-par-1"}}'
    headers:
      Content-Length:
      - "443"
      Content-Security-Policy:
      - default-src 'none'; frame-ancestors 'none'
      Content-Type:
      - application/json
      Date:
      - Mon, 16 Oct 2023 16:29:56 GMT
      Location:
      - https://api.scaleway.com/instance/v1/zones/fr-par-1/volumes/660c51b1-f4da-4b44-a07d-2f957578c2fc
      Server:
      - Scaleway API-Gateway
      Strict-Transport-Security:
      - max-age=63072000
      X-Content-Type-Options:
      - nosniff
      X-Frame-Options:
      - DENY
      X-Request-Id:
      - 43a803b5-8e5c-4520-8d5f-0ae9a29dc794
    status: 201 Created
    code: 201
    duration: ""
- request:
    body: ""
    form: {}
    headers:
      User-Agent:
      - scaleway-sdk-go/v1.0.0-beta.7+dev (go1.21.1; darwin; amd64) terraform-provider/develop
        terraform/terraform-tests
    url: https://api.scaleway.com/instance/v1/zones/fr-par-1/volumes/660c51b1-f4da-4b44-a07d-2f957578c2fc
    method: GET
  response:
    body: '{"volume":{"creation_date":"2023-10-16T16:29:56.158527+00:00","export_uri":null,"id":"660c51b1-f4da-4b44-a07d-2f957578c2fc","modification_date":"2023-10-16T16:29:56.158527+00:00","name":"tf-vol-agitated-swartz","organization":"105bdce1-64c0-48ab-899d-868455867ecf","project":"105bdce1-64c0-48ab-899d-868455867ecf","server":null,"size":2000000000,"state":"available","tags":[],"volume_type":"b_ssd","zone":"fr-par-1"}}'
    headers:
      Content-Length:
      - "443"
      Content-Security-Policy:
      - default-src 'none'; frame-ancestors 'none'
      Content-Type:
      - application/json
      Date:
      - Mon, 16 Oct 2023 16:29:56 GMT
      Server:
      - Scaleway API-Gateway
      Strict-Transport-Security:
      - max-age=63072000
      X-Content-Type-Options:
      - nosniff
      X-Frame-Options:
      - DENY
      X-Request-Id:
      - 434dc6b5-a719-4f4d-b289-54ac01d820e0
    status: 200 OK
    code: 200
    duration: ""
- request:
    body: ""
    form: {}
    headers:
      User-Agent:
      - scaleway-sdk-go/v1.0.0-beta.7+dev (go1.21.1; darwin; amd64) terraform-provider/develop
        terraform/terraform-tests
    url: https://api.scaleway.com/instance/v1/zones/fr-par-1/volumes/660c51b1-f4da-4b44-a07d-2f957578c2fc
    method: GET
  response:
    body: '{"volume":{"creation_date":"2023-10-16T16:29:56.158527+00:00","export_uri":null,"id":"660c51b1-f4da-4b44-a07d-2f957578c2fc","modification_date":"2023-10-16T16:29:56.158527+00:00","name":"tf-vol-agitated-swartz","organization":"105bdce1-64c0-48ab-899d-868455867ecf","project":"105bdce1-64c0-48ab-899d-868455867ecf","server":null,"size":2000000000,"state":"available","tags":[],"volume_type":"b_ssd","zone":"fr-par-1"}}'
    headers:
      Content-Length:
      - "443"
      Content-Security-Policy:
      - default-src 'none'; frame-ancestors 'none'
      Content-Type:
      - application/json
      Date:
      - Mon, 16 Oct 2023 16:29:56 GMT
      Server:
      - Scaleway API-Gateway
      Strict-Transport-Security:
      - max-age=63072000
      X-Content-Type-Options:
      - nosniff
      X-Frame-Options:
      - DENY
      X-Request-Id:
      - 1de17d97-4bf0-4a96-9f78-a3b9ab97ce74
    status: 200 OK
    code: 200
    duration: ""
- request:
    body: '{"name":"tf-snapshot-ds-basic","volume_id":"660c51b1-f4da-4b44-a07d-2f957578c2fc","organization":"105bdce1-64c0-48ab-899d-868455867ecf"}'
    form: {}
    headers:
      Content-Type:
      - application/json
      User-Agent:
      - scaleway-sdk-go/v1.0.0-beta.7+dev (go1.21.1; darwin; amd64) terraform-provider/develop
        terraform/terraform-tests
    url: https://api.scaleway.com/instance/v1/zones/fr-par-1/snapshots
    method: POST
  response:
    body: '{"snapshot":{"base_volume":{"id":"660c51b1-f4da-4b44-a07d-2f957578c2fc","name":"tf-vol-agitated-swartz"},"creation_date":"2023-10-16T16:29:56.595375+00:00","error_details":null,"id":"749e4ca5-55c9-4e47-ad87-19bb2794c632","modification_date":"2023-10-16T16:29:56.595375+00:00","name":"tf-snapshot-ds-basic","organization":"105bdce1-64c0-48ab-899d-868455867ecf","project":"105bdce1-64c0-48ab-899d-868455867ecf","size":2000000000,"state":"snapshotting","tags":[],"volume_type":"b_ssd","zone":"fr-par-1"},"task":{"description":"snapshot_749e4ca5-55c9-4e47-ad87-19bb2794c632","href_from":"/snapshots","href_result":"snapshots/749e4ca5-55c9-4e47-ad87-19bb2794c632","id":"51bfd8ac-c393-4574-acea-8c0a54631b0c","started_at":"2023-10-16T16:29:57.266711+00:00","status":"pending","terminated_at":null}}'
    headers:
      Content-Length:
      - "836"
      Content-Security-Policy:
      - default-src 'none'; frame-ancestors 'none'
      Content-Type:
      - application/json
      Date:
      - Mon, 16 Oct 2023 16:29:57 GMT
      Server:
      - Scaleway API-Gateway
      Strict-Transport-Security:
      - max-age=63072000
      X-Content-Type-Options:
      - nosniff
      X-Frame-Options:
      - DENY
      X-Request-Id:
      - 1d7d0fe6-afd6-4e00-9982-8102adc1a428
    status: 201 Created
    code: 201
    duration: ""
- request:
    body: ""
    form: {}
    headers:
      User-Agent:
      - scaleway-sdk-go/v1.0.0-beta.7+dev (go1.21.1; darwin; amd64) terraform-provider/develop
        terraform/terraform-tests
    url: https://api.scaleway.com/instance/v1/zones/fr-par-1/snapshots/749e4ca5-55c9-4e47-ad87-19bb2794c632
    method: GET
  response:
    body: '{"snapshot":{"base_volume":{"id":"660c51b1-f4da-4b44-a07d-2f957578c2fc","name":"tf-vol-agitated-swartz"},"creation_date":"2023-10-16T16:29:56.595375+00:00","error_details":null,"id":"749e4ca5-55c9-4e47-ad87-19bb2794c632","modification_date":"2023-10-16T16:29:56.595375+00:00","name":"tf-snapshot-ds-basic","organization":"105bdce1-64c0-48ab-899d-868455867ecf","project":"105bdce1-64c0-48ab-899d-868455867ecf","size":2000000000,"state":"snapshotting","tags":[],"volume_type":"b_ssd","zone":"fr-par-1"}}'
    headers:
      Content-Length:
      - "530"
      Content-Security-Policy:
      - default-src 'none'; frame-ancestors 'none'
      Content-Type:
      - application/json
      Date:
      - Mon, 16 Oct 2023 16:29:57 GMT
      Server:
      - Scaleway API-Gateway
      Strict-Transport-Security:
      - max-age=63072000
      X-Content-Type-Options:
      - nosniff
      X-Frame-Options:
      - DENY
      X-Request-Id:
      - e3168661-5aee-4e33-98f4-c0d74c2b5ab6
    status: 200 OK
    code: 200
    duration: ""
- request:
    body: ""
    form: {}
    headers:
      User-Agent:
      - scaleway-sdk-go/v1.0.0-beta.7+dev (go1.21.1; darwin; amd64) terraform-provider/develop
        terraform/terraform-tests
    url: https://api.scaleway.com/instance/v1/zones/fr-par-1/snapshots/749e4ca5-55c9-4e47-ad87-19bb2794c632
    method: GET
  response:
    body: '{"snapshot":{"base_volume":{"id":"660c51b1-f4da-4b44-a07d-2f957578c2fc","name":"tf-vol-agitated-swartz"},"creation_date":"2023-10-16T16:29:56.595375+00:00","error_details":null,"id":"749e4ca5-55c9-4e47-ad87-19bb2794c632","modification_date":"2023-10-16T16:30:01.574547+00:00","name":"tf-snapshot-ds-basic","organization":"105bdce1-64c0-48ab-899d-868455867ecf","project":"105bdce1-64c0-48ab-899d-868455867ecf","size":2000000000,"state":"available","tags":[],"volume_type":"b_ssd","zone":"fr-par-1"}}'
    headers:
      Content-Length:
      - "527"
      Content-Security-Policy:
      - default-src 'none'; frame-ancestors 'none'
      Content-Type:
      - application/json
      Date:
      - Mon, 16 Oct 2023 16:30:02 GMT
      Server:
      - Scaleway API-Gateway
      Strict-Transport-Security:
      - max-age=63072000
      X-Content-Type-Options:
      - nosniff
      X-Frame-Options:
      - DENY
      X-Request-Id:
      - 70d3d56c-a839-4df6-a787-a3942cdf5780
    status: 200 OK
    code: 200
    duration: ""
- request:
    body: ""
    form: {}
    headers:
      User-Agent:
      - scaleway-sdk-go/v1.0.0-beta.7+dev (go1.21.1; darwin; amd64) terraform-provider/develop
        terraform/terraform-tests
    url: https://api.scaleway.com/instance/v1/zones/fr-par-1/snapshots/749e4ca5-55c9-4e47-ad87-19bb2794c632
    method: GET
  response:
    body: '{"snapshot":{"base_volume":{"id":"660c51b1-f4da-4b44-a07d-2f957578c2fc","name":"tf-vol-agitated-swartz"},"creation_date":"2023-10-16T16:29:56.595375+00:00","error_details":null,"id":"749e4ca5-55c9-4e47-ad87-19bb2794c632","modification_date":"2023-10-16T16:30:01.574547+00:00","name":"tf-snapshot-ds-basic","organization":"105bdce1-64c0-48ab-899d-868455867ecf","project":"105bdce1-64c0-48ab-899d-868455867ecf","size":2000000000,"state":"available","tags":[],"volume_type":"b_ssd","zone":"fr-par-1"}}'
    headers:
      Content-Length:
      - "527"
      Content-Security-Policy:
      - default-src 'none'; frame-ancestors 'none'
      Content-Type:
      - application/json
      Date:
      - Mon, 16 Oct 2023 16:30:02 GMT
      Server:
      - Scaleway API-Gateway
      Strict-Transport-Security:
      - max-age=63072000
      X-Content-Type-Options:
      - nosniff
      X-Frame-Options:
      - DENY
      X-Request-Id:
      - 15acb867-de62-45e8-895d-d49382c71af6
    status: 200 OK
    code: 200
    duration: ""
- request:
    body: ""
    form: {}
    headers:
      User-Agent:
      - scaleway-sdk-go/v1.0.0-beta.7+dev (go1.21.1; darwin; amd64) terraform-provider/develop
        terraform/terraform-tests
    url: https://api.scaleway.com/instance/v1/zones/fr-par-1/volumes/660c51b1-f4da-4b44-a07d-2f957578c2fc
    method: GET
  response:
    body: '{"volume":{"creation_date":"2023-10-16T16:29:56.158527+00:00","export_uri":null,"id":"660c51b1-f4da-4b44-a07d-2f957578c2fc","modification_date":"2023-10-16T16:30:01.574547+00:00","name":"tf-vol-agitated-swartz","organization":"105bdce1-64c0-48ab-899d-868455867ecf","project":"105bdce1-64c0-48ab-899d-868455867ecf","server":null,"size":2000000000,"state":"available","tags":[],"volume_type":"b_ssd","zone":"fr-par-1"}}'
    headers:
      Content-Length:
      - "443"
      Content-Security-Policy:
      - default-src 'none'; frame-ancestors 'none'
      Content-Type:
      - application/json
      Date:
      - Mon, 16 Oct 2023 16:30:03 GMT
      Server:
      - Scaleway API-Gateway
      Strict-Transport-Security:
      - max-age=63072000
      X-Content-Type-Options:
      - nosniff
      X-Frame-Options:
      - DENY
      X-Request-Id:
      - a2255e96-b72a-486d-bef3-417473b52c73
    status: 200 OK
    code: 200
    duration: ""
- request:
    body: ""
    form: {}
    headers:
      User-Agent:
      - scaleway-sdk-go/v1.0.0-beta.7+dev (go1.21.1; darwin; amd64) terraform-provider/develop
        terraform/terraform-tests
    url: https://api.scaleway.com/instance/v1/zones/fr-par-1/snapshots/749e4ca5-55c9-4e47-ad87-19bb2794c632
    method: GET
  response:
    body: '{"snapshot":{"base_volume":{"id":"660c51b1-f4da-4b44-a07d-2f957578c2fc","name":"tf-vol-agitated-swartz"},"creation_date":"2023-10-16T16:29:56.595375+00:00","error_details":null,"id":"749e4ca5-55c9-4e47-ad87-19bb2794c632","modification_date":"2023-10-16T16:30:01.574547+00:00","name":"tf-snapshot-ds-basic","organization":"105bdce1-64c0-48ab-899d-868455867ecf","project":"105bdce1-64c0-48ab-899d-868455867ecf","size":2000000000,"state":"available","tags":[],"volume_type":"b_ssd","zone":"fr-par-1"}}'
    headers:
      Content-Length:
      - "527"
      Content-Security-Policy:
      - default-src 'none'; frame-ancestors 'none'
      Content-Type:
      - application/json
      Date:
      - Mon, 16 Oct 2023 16:30:03 GMT
      Server:
      - Scaleway API-Gateway
      Strict-Transport-Security:
      - max-age=63072000
      X-Content-Type-Options:
      - nosniff
      X-Frame-Options:
      - DENY
      X-Request-Id:
      - 84bffeb9-6c30-4a36-bb82-69b1793b66a7
    status: 200 OK
    code: 200
    duration: ""
- request:
    body: ""
    form: {}
    headers:
      User-Agent:
      - scaleway-sdk-go/v1.0.0-beta.7+dev (go1.21.1; darwin; amd64) terraform-provider/develop
        terraform/terraform-tests
    url: https://api.scaleway.com/instance/v1/zones/fr-par-1/volumes/660c51b1-f4da-4b44-a07d-2f957578c2fc
    method: GET
  response:
    body: '{"volume":{"creation_date":"2023-10-16T16:29:56.158527+00:00","export_uri":null,"id":"660c51b1-f4da-4b44-a07d-2f957578c2fc","modification_date":"2023-10-16T16:30:01.574547+00:00","name":"tf-vol-agitated-swartz","organization":"105bdce1-64c0-48ab-899d-868455867ecf","project":"105bdce1-64c0-48ab-899d-868455867ecf","server":null,"size":2000000000,"state":"available","tags":[],"volume_type":"b_ssd","zone":"fr-par-1"}}'
    headers:
      Content-Length:
      - "443"
      Content-Security-Policy:
      - default-src 'none'; frame-ancestors 'none'
      Content-Type:
      - application/json
      Date:
      - Mon, 16 Oct 2023 16:30:03 GMT
      Server:
      - Scaleway API-Gateway
      Strict-Transport-Security:
      - max-age=63072000
      X-Content-Type-Options:
      - nosniff
      X-Frame-Options:
      - DENY
      X-Request-Id:
      - 8d91a3c1-943d-409e-b357-b311580483e8
    status: 200 OK
    code: 200
    duration: ""
- request:
    body: ""
    form: {}
    headers:
      User-Agent:
      - scaleway-sdk-go/v1.0.0-beta.7+dev (go1.21.1; darwin; amd64) terraform-provider/develop
        terraform/terraform-tests
    url: https://api.scaleway.com/instance/v1/zones/fr-par-1/snapshots/749e4ca5-55c9-4e47-ad87-19bb2794c632
    method: GET
  response:
    body: '{"snapshot":{"base_volume":{"id":"660c51b1-f4da-4b44-a07d-2f957578c2fc","name":"tf-vol-agitated-swartz"},"creation_date":"2023-10-16T16:29:56.595375+00:00","error_details":null,"id":"749e4ca5-55c9-4e47-ad87-19bb2794c632","modification_date":"2023-10-16T16:30:01.574547+00:00","name":"tf-snapshot-ds-basic","organization":"105bdce1-64c0-48ab-899d-868455867ecf","project":"105bdce1-64c0-48ab-899d-868455867ecf","size":2000000000,"state":"available","tags":[],"volume_type":"b_ssd","zone":"fr-par-1"}}'
    headers:
      Content-Length:
      - "527"
      Content-Security-Policy:
      - default-src 'none'; frame-ancestors 'none'
      Content-Type:
      - application/json
      Date:
      - Mon, 16 Oct 2023 16:30:03 GMT
      Server:
      - Scaleway API-Gateway
      Strict-Transport-Security:
      - max-age=63072000
      X-Content-Type-Options:
      - nosniff
      X-Frame-Options:
      - DENY
      X-Request-Id:
      - 40e69e15-a7f7-47de-91e5-50befee8e8ef
    status: 200 OK
    code: 200
    duration: ""
- request:
    body: ""
    form: {}
    headers:
      User-Agent:
      - scaleway-sdk-go/v1.0.0-beta.7+dev (go1.21.1; darwin; amd64) terraform-provider/develop
        terraform/terraform-tests
    url: https://api.scaleway.com/instance/v1/zones/fr-par-1/snapshots/749e4ca5-55c9-4e47-ad87-19bb2794c632
    method: GET
  response:
    body: '{"snapshot":{"base_volume":{"id":"660c51b1-f4da-4b44-a07d-2f957578c2fc","name":"tf-vol-agitated-swartz"},"creation_date":"2023-10-16T16:29:56.595375+00:00","error_details":null,"id":"749e4ca5-55c9-4e47-ad87-19bb2794c632","modification_date":"2023-10-16T16:30:01.574547+00:00","name":"tf-snapshot-ds-basic","organization":"105bdce1-64c0-48ab-899d-868455867ecf","project":"105bdce1-64c0-48ab-899d-868455867ecf","size":2000000000,"state":"available","tags":[],"volume_type":"b_ssd","zone":"fr-par-1"}}'
    headers:
      Content-Length:
      - "527"
      Content-Security-Policy:
      - default-src 'none'; frame-ancestors 'none'
      Content-Type:
      - application/json
      Date:
      - Mon, 16 Oct 2023 16:30:03 GMT
      Server:
      - Scaleway API-Gateway
      Strict-Transport-Security:
      - max-age=63072000
      X-Content-Type-Options:
      - nosniff
      X-Frame-Options:
      - DENY
      X-Request-Id:
      - 11276ce4-2159-4d03-b681-da51be7db619
    status: 200 OK
    code: 200
    duration: ""
- request:
    body: ""
    form: {}
    headers:
      User-Agent:
      - scaleway-sdk-go/v1.0.0-beta.7+dev (go1.21.1; darwin; amd64) terraform-provider/develop
        terraform/terraform-tests
    url: https://api.scaleway.com/instance/v1/zones/fr-par-1/snapshots?name=tf-snapshot-ds-basic
    method: GET
  response:
    body: '{"snapshots":[{"base_volume":{"id":"660c51b1-f4da-4b44-a07d-2f957578c2fc","name":"tf-vol-agitated-swartz"},"creation_date":"2023-10-16T16:29:56.595375+00:00","error_details":null,"id":"749e4ca5-55c9-4e47-ad87-19bb2794c632","modification_date":"2023-10-16T16:30:01.574547+00:00","name":"tf-snapshot-ds-basic","organization":"105bdce1-64c0-48ab-899d-868455867ecf","project":"105bdce1-64c0-48ab-899d-868455867ecf","size":2000000000,"state":"available","tags":[],"volume_type":"b_ssd","zone":"fr-par-1"}]}'
    headers:
      Content-Length:
      - "530"
      Content-Security-Policy:
      - default-src 'none'; frame-ancestors 'none'
      Content-Type:
      - application/json
      Date:
      - Mon, 16 Oct 2023 16:30:03 GMT
      Link:
      - </snapshots?page=1&per_page=50&name=tf-snapshot-ds-basic>; rel="last"
      Server:
      - Scaleway API-Gateway
      Strict-Transport-Security:
      - max-age=63072000
      X-Content-Type-Options:
      - nosniff
      X-Frame-Options:
      - DENY
      X-Request-Id:
      - a15ab678-a589-45f9-b803-d0f0960aa2c2
      X-Total-Count:
      - "1"
    status: 200 OK
    code: 200
    duration: ""
- request:
    body: ""
    form: {}
    headers:
      User-Agent:
      - scaleway-sdk-go/v1.0.0-beta.7+dev (go1.21.1; darwin; amd64) terraform-provider/develop
        terraform/terraform-tests
    url: https://api.scaleway.com/instance/v1/zones/fr-par-1/snapshots/749e4ca5-55c9-4e47-ad87-19bb2794c632
    method: GET
  response:
    body: '{"snapshot":{"base_volume":{"id":"660c51b1-f4da-4b44-a07d-2f957578c2fc","name":"tf-vol-agitated-swartz"},"creation_date":"2023-10-16T16:29:56.595375+00:00","error_details":null,"id":"749e4ca5-55c9-4e47-ad87-19bb2794c632","modification_date":"2023-10-16T16:30:01.574547+00:00","name":"tf-snapshot-ds-basic","organization":"105bdce1-64c0-48ab-899d-868455867ecf","project":"105bdce1-64c0-48ab-899d-868455867ecf","size":2000000000,"state":"available","tags":[],"volume_type":"b_ssd","zone":"fr-par-1"}}'
    headers:
      Content-Length:
      - "527"
      Content-Security-Policy:
      - default-src 'none'; frame-ancestors 'none'
      Content-Type:
      - application/json
      Date:
      - Mon, 16 Oct 2023 16:30:03 GMT
      Server:
      - Scaleway API-Gateway
      Strict-Transport-Security:
      - max-age=63072000
      X-Content-Type-Options:
      - nosniff
      X-Frame-Options:
      - DENY
      X-Request-Id:
      - ccbc7903-d335-4fee-945b-1cf6218f0490
    status: 200 OK
    code: 200
    duration: ""
- request:
    body: ""
    form: {}
    headers:
      User-Agent:
      - scaleway-sdk-go/v1.0.0-beta.7+dev (go1.21.1; darwin; amd64) terraform-provider/develop
        terraform/terraform-tests
    url: https://api.scaleway.com/instance/v1/zones/fr-par-1/snapshots/749e4ca5-55c9-4e47-ad87-19bb2794c632
    method: GET
  response:
    body: '{"snapshot":{"base_volume":{"id":"660c51b1-f4da-4b44-a07d-2f957578c2fc","name":"tf-vol-agitated-swartz"},"creation_date":"2023-10-16T16:29:56.595375+00:00","error_details":null,"id":"749e4ca5-55c9-4e47-ad87-19bb2794c632","modification_date":"2023-10-16T16:30:01.574547+00:00","name":"tf-snapshot-ds-basic","organization":"105bdce1-64c0-48ab-899d-868455867ecf","project":"105bdce1-64c0-48ab-899d-868455867ecf","size":2000000000,"state":"available","tags":[],"volume_type":"b_ssd","zone":"fr-par-1"}}'
    headers:
      Content-Length:
      - "527"
      Content-Security-Policy:
      - default-src 'none'; frame-ancestors 'none'
      Content-Type:
      - application/json
      Date:
      - Mon, 16 Oct 2023 16:30:04 GMT
      Server:
      - Scaleway API-Gateway
      Strict-Transport-Security:
      - max-age=63072000
      X-Content-Type-Options:
      - nosniff
      X-Frame-Options:
      - DENY
      X-Request-Id:
      - fdc30abd-c3d5-4671-b1fc-2b856bb6e311
    status: 200 OK
    code: 200
    duration: ""
- request:
    body: ""
    form: {}
    headers:
      User-Agent:
      - scaleway-sdk-go/v1.0.0-beta.7+dev (go1.21.1; darwin; amd64) terraform-provider/develop
        terraform/terraform-tests
    url: https://api.scaleway.com/instance/v1/zones/fr-par-1/snapshots?name=tf-snapshot-ds-basic
    method: GET
  response:
    body: '{"snapshots":[{"base_volume":{"id":"660c51b1-f4da-4b44-a07d-2f957578c2fc","name":"tf-vol-agitated-swartz"},"creation_date":"2023-10-16T16:29:56.595375+00:00","error_details":null,"id":"749e4ca5-55c9-4e47-ad87-19bb2794c632","modification_date":"2023-10-16T16:30:01.574547+00:00","name":"tf-snapshot-ds-basic","organization":"105bdce1-64c0-48ab-899d-868455867ecf","project":"105bdce1-64c0-48ab-899d-868455867ecf","size":2000000000,"state":"available","tags":[],"volume_type":"b_ssd","zone":"fr-par-1"}]}'
    headers:
      Content-Length:
      - "530"
      Content-Security-Policy:
      - default-src 'none'; frame-ancestors 'none'
      Content-Type:
      - application/json
      Date:
      - Mon, 16 Oct 2023 16:30:04 GMT
      Link:
      - </snapshots?page=1&per_page=50&name=tf-snapshot-ds-basic>; rel="last"
      Server:
      - Scaleway API-Gateway
      Strict-Transport-Security:
      - max-age=63072000
      X-Content-Type-Options:
      - nosniff
      X-Frame-Options:
      - DENY
      X-Request-Id:
      - 159538a1-b499-4fc7-9b7e-4e61c994db33
      X-Total-Count:
      - "1"
    status: 200 OK
    code: 200
    duration: ""
- request:
    body: ""
    form: {}
    headers:
      User-Agent:
      - scaleway-sdk-go/v1.0.0-beta.7+dev (go1.21.1; darwin; amd64) terraform-provider/develop
        terraform/terraform-tests
    url: https://api.scaleway.com/instance/v1/zones/fr-par-1/snapshots/749e4ca5-55c9-4e47-ad87-19bb2794c632
    method: GET
  response:
    body: '{"snapshot":{"base_volume":{"id":"660c51b1-f4da-4b44-a07d-2f957578c2fc","name":"tf-vol-agitated-swartz"},"creation_date":"2023-10-16T16:29:56.595375+00:00","error_details":null,"id":"749e4ca5-55c9-4e47-ad87-19bb2794c632","modification_date":"2023-10-16T16:30:01.574547+00:00","name":"tf-snapshot-ds-basic","organization":"105bdce1-64c0-48ab-899d-868455867ecf","project":"105bdce1-64c0-48ab-899d-868455867ecf","size":2000000000,"state":"available","tags":[],"volume_type":"b_ssd","zone":"fr-par-1"}}'
    headers:
      Content-Length:
      - "527"
      Content-Security-Policy:
      - default-src 'none'; frame-ancestors 'none'
      Content-Type:
      - application/json
      Date:
      - Mon, 16 Oct 2023 16:30:04 GMT
      Server:
      - Scaleway API-Gateway
      Strict-Transport-Security:
      - max-age=63072000
      X-Content-Type-Options:
      - nosniff
      X-Frame-Options:
      - DENY
      X-Request-Id:
      - d4428e6e-063f-4da0-916f-62ed94339449
    status: 200 OK
    code: 200
    duration: ""
- request:
    body: ""
    form: {}
    headers:
      User-Agent:
      - scaleway-sdk-go/v1.0.0-beta.7+dev (go1.21.1; darwin; amd64) terraform-provider/develop
        terraform/terraform-tests
    url: https://api.scaleway.com/instance/v1/zones/fr-par-1/snapshots/749e4ca5-55c9-4e47-ad87-19bb2794c632
    method: GET
  response:
    body: '{"snapshot":{"base_volume":{"id":"660c51b1-f4da-4b44-a07d-2f957578c2fc","name":"tf-vol-agitated-swartz"},"creation_date":"2023-10-16T16:29:56.595375+00:00","error_details":null,"id":"749e4ca5-55c9-4e47-ad87-19bb2794c632","modification_date":"2023-10-16T16:30:01.574547+00:00","name":"tf-snapshot-ds-basic","organization":"105bdce1-64c0-48ab-899d-868455867ecf","project":"105bdce1-64c0-48ab-899d-868455867ecf","size":2000000000,"state":"available","tags":[],"volume_type":"b_ssd","zone":"fr-par-1"}}'
    headers:
      Content-Length:
      - "527"
      Content-Security-Policy:
      - default-src 'none'; frame-ancestors 'none'
      Content-Type:
      - application/json
      Date:
      - Mon, 16 Oct 2023 16:30:04 GMT
      Server:
      - Scaleway API-Gateway
      Strict-Transport-Security:
      - max-age=63072000
      X-Content-Type-Options:
      - nosniff
      X-Frame-Options:
      - DENY
      X-Request-Id:
      - 24096564-ab32-471a-86c0-f4e6b163fb5d
    status: 200 OK
    code: 200
    duration: ""
- request:
    body: ""
    form: {}
    headers:
      User-Agent:
      - scaleway-sdk-go/v1.0.0-beta.7+dev (go1.21.1; darwin; amd64) terraform-provider/develop
        terraform/terraform-tests
    url: https://api.scaleway.com/instance/v1/zones/fr-par-1/snapshots/749e4ca5-55c9-4e47-ad87-19bb2794c632
    method: GET
  response:
    body: '{"snapshot":{"base_volume":{"id":"660c51b1-f4da-4b44-a07d-2f957578c2fc","name":"tf-vol-agitated-swartz"},"creation_date":"2023-10-16T16:29:56.595375+00:00","error_details":null,"id":"749e4ca5-55c9-4e47-ad87-19bb2794c632","modification_date":"2023-10-16T16:30:01.574547+00:00","name":"tf-snapshot-ds-basic","organization":"105bdce1-64c0-48ab-899d-868455867ecf","project":"105bdce1-64c0-48ab-899d-868455867ecf","size":2000000000,"state":"available","tags":[],"volume_type":"b_ssd","zone":"fr-par-1"}}'
    headers:
      Content-Length:
      - "527"
      Content-Security-Policy:
      - default-src 'none'; frame-ancestors 'none'
      Content-Type:
      - application/json
      Date:
      - Mon, 16 Oct 2023 16:30:04 GMT
      Server:
      - Scaleway API-Gateway
      Strict-Transport-Security:
      - max-age=63072000
      X-Content-Type-Options:
      - nosniff
      X-Frame-Options:
      - DENY
      X-Request-Id:
      - edbe0dcf-5f9b-473b-9d6a-76c5f04b339a
    status: 200 OK
    code: 200
    duration: ""
- request:
    body: ""
    form: {}
    headers:
      User-Agent:
      - scaleway-sdk-go/v1.0.0-beta.7+dev (go1.21.1; darwin; amd64) terraform-provider/develop
        terraform/terraform-tests
    url: https://api.scaleway.com/instance/v1/zones/fr-par-1/snapshots/749e4ca5-55c9-4e47-ad87-19bb2794c632
    method: GET
  response:
    body: '{"snapshot":{"base_volume":{"id":"660c51b1-f4da-4b44-a07d-2f957578c2fc","name":"tf-vol-agitated-swartz"},"creation_date":"2023-10-16T16:29:56.595375+00:00","error_details":null,"id":"749e4ca5-55c9-4e47-ad87-19bb2794c632","modification_date":"2023-10-16T16:30:01.574547+00:00","name":"tf-snapshot-ds-basic","organization":"105bdce1-64c0-48ab-899d-868455867ecf","project":"105bdce1-64c0-48ab-899d-868455867ecf","size":2000000000,"state":"available","tags":[],"volume_type":"b_ssd","zone":"fr-par-1"}}'
    headers:
      Content-Length:
      - "527"
      Content-Security-Policy:
      - default-src 'none'; frame-ancestors 'none'
      Content-Type:
      - application/json
      Date:
      - Mon, 16 Oct 2023 16:30:05 GMT
      Server:
      - Scaleway API-Gateway
      Strict-Transport-Security:
      - max-age=63072000
      X-Content-Type-Options:
      - nosniff
      X-Frame-Options:
      - DENY
      X-Request-Id:
      - 7a643070-a3c9-4156-b57a-ecf3b7bbe4f4
    status: 200 OK
    code: 200
    duration: ""
- request:
    body: ""
    form: {}
    headers:
      User-Agent:
      - scaleway-sdk-go/v1.0.0-beta.7+dev (go1.21.1; darwin; amd64) terraform-provider/develop
        terraform/terraform-tests
    url: https://api.scaleway.com/instance/v1/zones/fr-par-1/snapshots?name=tf-snapshot-ds-basic
    method: GET
  response:
    body: '{"snapshots":[{"base_volume":{"id":"660c51b1-f4da-4b44-a07d-2f957578c2fc","name":"tf-vol-agitated-swartz"},"creation_date":"2023-10-16T16:29:56.595375+00:00","error_details":null,"id":"749e4ca5-55c9-4e47-ad87-19bb2794c632","modification_date":"2023-10-16T16:30:01.574547+00:00","name":"tf-snapshot-ds-basic","organization":"105bdce1-64c0-48ab-899d-868455867ecf","project":"105bdce1-64c0-48ab-899d-868455867ecf","size":2000000000,"state":"available","tags":[],"volume_type":"b_ssd","zone":"fr-par-1"}]}'
    headers:
      Content-Length:
      - "530"
      Content-Security-Policy:
      - default-src 'none'; frame-ancestors 'none'
      Content-Type:
      - application/json
      Date:
      - Mon, 16 Oct 2023 16:30:05 GMT
      Link:
      - </snapshots?page=1&per_page=50&name=tf-snapshot-ds-basic>; rel="last"
      Server:
      - Scaleway API-Gateway
      Strict-Transport-Security:
      - max-age=63072000
      X-Content-Type-Options:
      - nosniff
      X-Frame-Options:
      - DENY
      X-Request-Id:
      - b12116d8-31f0-4a32-8194-515a1c64fc01
      X-Total-Count:
      - "1"
    status: 200 OK
    code: 200
    duration: ""
- request:
    body: ""
    form: {}
    headers:
      User-Agent:
      - scaleway-sdk-go/v1.0.0-beta.7+dev (go1.21.1; darwin; amd64) terraform-provider/develop
        terraform/terraform-tests
    url: https://api.scaleway.com/instance/v1/zones/fr-par-1/snapshots/749e4ca5-55c9-4e47-ad87-19bb2794c632
    method: GET
  response:
    body: '{"snapshot":{"base_volume":{"id":"660c51b1-f4da-4b44-a07d-2f957578c2fc","name":"tf-vol-agitated-swartz"},"creation_date":"2023-10-16T16:29:56.595375+00:00","error_details":null,"id":"749e4ca5-55c9-4e47-ad87-19bb2794c632","modification_date":"2023-10-16T16:30:01.574547+00:00","name":"tf-snapshot-ds-basic","organization":"105bdce1-64c0-48ab-899d-868455867ecf","project":"105bdce1-64c0-48ab-899d-868455867ecf","size":2000000000,"state":"available","tags":[],"volume_type":"b_ssd","zone":"fr-par-1"}}'
    headers:
      Content-Length:
      - "527"
      Content-Security-Policy:
      - default-src 'none'; frame-ancestors 'none'
      Content-Type:
      - application/json
      Date:
      - Mon, 16 Oct 2023 16:30:05 GMT
      Server:
      - Scaleway API-Gateway
      Strict-Transport-Security:
      - max-age=63072000
      X-Content-Type-Options:
      - nosniff
      X-Frame-Options:
      - DENY
      X-Request-Id:
      - dc6b3e83-b04b-45a1-bb62-d8a56f19ac43
    status: 200 OK
    code: 200
    duration: ""
- request:
    body: ""
    form: {}
    headers:
      User-Agent:
      - scaleway-sdk-go/v1.0.0-beta.7+dev (go1.21.1; darwin; amd64) terraform-provider/develop
        terraform/terraform-tests
    url: https://api.scaleway.com/instance/v1/zones/fr-par-1/volumes/660c51b1-f4da-4b44-a07d-2f957578c2fc
    method: GET
  response:
    body: '{"volume":{"creation_date":"2023-10-16T16:29:56.158527+00:00","export_uri":null,"id":"660c51b1-f4da-4b44-a07d-2f957578c2fc","modification_date":"2023-10-16T16:30:01.574547+00:00","name":"tf-vol-agitated-swartz","organization":"105bdce1-64c0-48ab-899d-868455867ecf","project":"105bdce1-64c0-48ab-899d-868455867ecf","server":null,"size":2000000000,"state":"available","tags":[],"volume_type":"b_ssd","zone":"fr-par-1"}}'
    headers:
      Content-Length:
      - "443"
      Content-Security-Policy:
      - default-src 'none'; frame-ancestors 'none'
      Content-Type:
      - application/json
      Date:
      - Mon, 16 Oct 2023 16:30:05 GMT
      Server:
      - Scaleway API-Gateway
      Strict-Transport-Security:
      - max-age=63072000
      X-Content-Type-Options:
      - nosniff
      X-Frame-Options:
      - DENY
      X-Request-Id:
      - ddd8568c-1411-4207-9b31-f19803e42de2
    status: 200 OK
    code: 200
    duration: ""
- request:
    body: ""
    form: {}
    headers:
      User-Agent:
      - scaleway-sdk-go/v1.0.0-beta.7+dev (go1.21.1; darwin; amd64) terraform-provider/develop
        terraform/terraform-tests
    url: https://api.scaleway.com/instance/v1/zones/fr-par-1/snapshots/749e4ca5-55c9-4e47-ad87-19bb2794c632
    method: GET
  response:
    body: '{"snapshot":{"base_volume":{"id":"660c51b1-f4da-4b44-a07d-2f957578c2fc","name":"tf-vol-agitated-swartz"},"creation_date":"2023-10-16T16:29:56.595375+00:00","error_details":null,"id":"749e4ca5-55c9-4e47-ad87-19bb2794c632","modification_date":"2023-10-16T16:30:01.574547+00:00","name":"tf-snapshot-ds-basic","organization":"105bdce1-64c0-48ab-899d-868455867ecf","project":"105bdce1-64c0-48ab-899d-868455867ecf","size":2000000000,"state":"available","tags":[],"volume_type":"b_ssd","zone":"fr-par-1"}}'
    headers:
      Content-Length:
      - "527"
      Content-Security-Policy:
      - default-src 'none'; frame-ancestors 'none'
      Content-Type:
      - application/json
      Date:
      - Mon, 16 Oct 2023 16:30:05 GMT
      Server:
      - Scaleway API-Gateway
      Strict-Transport-Security:
      - max-age=63072000
      X-Content-Type-Options:
      - nosniff
      X-Frame-Options:
      - DENY
      X-Request-Id:
      - 7d555539-c340-4720-8039-78ad5654590a
    status: 200 OK
    code: 200
    duration: ""
- request:
    body: ""
    form: {}
    headers:
      User-Agent:
      - scaleway-sdk-go/v1.0.0-beta.7+dev (go1.21.1; darwin; amd64) terraform-provider/develop
        terraform/terraform-tests
    url: https://api.scaleway.com/instance/v1/zones/fr-par-1/snapshots/749e4ca5-55c9-4e47-ad87-19bb2794c632
    method: GET
  response:
    body: '{"snapshot":{"base_volume":{"id":"660c51b1-f4da-4b44-a07d-2f957578c2fc","name":"tf-vol-agitated-swartz"},"creation_date":"2023-10-16T16:29:56.595375+00:00","error_details":null,"id":"749e4ca5-55c9-4e47-ad87-19bb2794c632","modification_date":"2023-10-16T16:30:01.574547+00:00","name":"tf-snapshot-ds-basic","organization":"105bdce1-64c0-48ab-899d-868455867ecf","project":"105bdce1-64c0-48ab-899d-868455867ecf","size":2000000000,"state":"available","tags":[],"volume_type":"b_ssd","zone":"fr-par-1"}}'
    headers:
      Content-Length:
      - "527"
      Content-Security-Policy:
      - default-src 'none'; frame-ancestors 'none'
      Content-Type:
      - application/json
      Date:
      - Mon, 16 Oct 2023 16:30:05 GMT
      Server:
      - Scaleway API-Gateway
      Strict-Transport-Security:
      - max-age=63072000
      X-Content-Type-Options:
      - nosniff
      X-Frame-Options:
      - DENY
      X-Request-Id:
      - d90df527-fa52-40c1-a797-a57652e43116
    status: 200 OK
    code: 200
    duration: ""
- request:
    body: ""
    form: {}
    headers:
      User-Agent:
      - scaleway-sdk-go/v1.0.0-beta.7+dev (go1.21.1; darwin; amd64) terraform-provider/develop
        terraform/terraform-tests
    url: https://api.scaleway.com/instance/v1/zones/fr-par-1/snapshots?name=tf-snapshot-ds-basic
    method: GET
  response:
    body: '{"snapshots":[{"base_volume":{"id":"660c51b1-f4da-4b44-a07d-2f957578c2fc","name":"tf-vol-agitated-swartz"},"creation_date":"2023-10-16T16:29:56.595375+00:00","error_details":null,"id":"749e4ca5-55c9-4e47-ad87-19bb2794c632","modification_date":"2023-10-16T16:30:01.574547+00:00","name":"tf-snapshot-ds-basic","organization":"105bdce1-64c0-48ab-899d-868455867ecf","project":"105bdce1-64c0-48ab-899d-868455867ecf","size":2000000000,"state":"available","tags":[],"volume_type":"b_ssd","zone":"fr-par-1"}]}'
    headers:
      Content-Length:
      - "530"
      Content-Security-Policy:
      - default-src 'none'; frame-ancestors 'none'
      Content-Type:
      - application/json
      Date:
      - Mon, 16 Oct 2023 16:30:06 GMT
      Link:
      - </snapshots?page=1&per_page=50&name=tf-snapshot-ds-basic>; rel="last"
      Server:
      - Scaleway API-Gateway
      Strict-Transport-Security:
      - max-age=63072000
      X-Content-Type-Options:
      - nosniff
      X-Frame-Options:
      - DENY
      X-Request-Id:
      - 418d14fc-e5ee-4c06-a0d3-6963ca7de456
      X-Total-Count:
      - "1"
    status: 200 OK
    code: 200
    duration: ""
- request:
    body: ""
    form: {}
    headers:
      User-Agent:
      - scaleway-sdk-go/v1.0.0-beta.7+dev (go1.21.1; darwin; amd64) terraform-provider/develop
        terraform/terraform-tests
    url: https://api.scaleway.com/instance/v1/zones/fr-par-1/snapshots/749e4ca5-55c9-4e47-ad87-19bb2794c632
    method: GET
  response:
    body: '{"snapshot":{"base_volume":{"id":"660c51b1-f4da-4b44-a07d-2f957578c2fc","name":"tf-vol-agitated-swartz"},"creation_date":"2023-10-16T16:29:56.595375+00:00","error_details":null,"id":"749e4ca5-55c9-4e47-ad87-19bb2794c632","modification_date":"2023-10-16T16:30:01.574547+00:00","name":"tf-snapshot-ds-basic","organization":"105bdce1-64c0-48ab-899d-868455867ecf","project":"105bdce1-64c0-48ab-899d-868455867ecf","size":2000000000,"state":"available","tags":[],"volume_type":"b_ssd","zone":"fr-par-1"}}'
    headers:
      Content-Length:
      - "527"
      Content-Security-Policy:
      - default-src 'none'; frame-ancestors 'none'
      Content-Type:
      - application/json
      Date:
      - Mon, 16 Oct 2023 16:30:06 GMT
      Server:
      - Scaleway API-Gateway
      Strict-Transport-Security:
      - max-age=63072000
      X-Content-Type-Options:
      - nosniff
      X-Frame-Options:
      - DENY
      X-Request-Id:
      - 2264eaa1-8222-4f57-8acb-775d672815f4
    status: 200 OK
    code: 200
    duration: ""
- request:
    body: ""
    form: {}
    headers:
      User-Agent:
      - scaleway-sdk-go/v1.0.0-beta.7+dev (go1.21.1; darwin; amd64) terraform-provider/develop
        terraform/terraform-tests
    url: https://api.scaleway.com/instance/v1/zones/fr-par-1/snapshots/749e4ca5-55c9-4e47-ad87-19bb2794c632
    method: GET
  response:
    body: '{"snapshot":{"base_volume":{"id":"660c51b1-f4da-4b44-a07d-2f957578c2fc","name":"tf-vol-agitated-swartz"},"creation_date":"2023-10-16T16:29:56.595375+00:00","error_details":null,"id":"749e4ca5-55c9-4e47-ad87-19bb2794c632","modification_date":"2023-10-16T16:30:01.574547+00:00","name":"tf-snapshot-ds-basic","organization":"105bdce1-64c0-48ab-899d-868455867ecf","project":"105bdce1-64c0-48ab-899d-868455867ecf","size":2000000000,"state":"available","tags":[],"volume_type":"b_ssd","zone":"fr-par-1"}}'
    headers:
      Content-Length:
      - "527"
      Content-Security-Policy:
      - default-src 'none'; frame-ancestors 'none'
      Content-Type:
      - application/json
      Date:
      - Mon, 16 Oct 2023 16:30:06 GMT
      Server:
      - Scaleway API-Gateway
      Strict-Transport-Security:
      - max-age=63072000
      X-Content-Type-Options:
      - nosniff
      X-Frame-Options:
      - DENY
      X-Request-Id:
      - 39f118af-e92c-41b6-b78a-621712d02571
    status: 200 OK
    code: 200
    duration: ""
- request:
    body: ""
    form: {}
    headers:
      User-Agent:
      - scaleway-sdk-go/v1.0.0-beta.7+dev (go1.21.1; darwin; amd64) terraform-provider/develop
        terraform/terraform-tests
    url: https://api.scaleway.com/instance/v1/zones/fr-par-1/snapshots?name=tf-snapshot-ds-basic
    method: GET
  response:
    body: '{"snapshots":[{"base_volume":{"id":"660c51b1-f4da-4b44-a07d-2f957578c2fc","name":"tf-vol-agitated-swartz"},"creation_date":"2023-10-16T16:29:56.595375+00:00","error_details":null,"id":"749e4ca5-55c9-4e47-ad87-19bb2794c632","modification_date":"2023-10-16T16:30:01.574547+00:00","name":"tf-snapshot-ds-basic","organization":"105bdce1-64c0-48ab-899d-868455867ecf","project":"105bdce1-64c0-48ab-899d-868455867ecf","size":2000000000,"state":"available","tags":[],"volume_type":"b_ssd","zone":"fr-par-1"}]}'
    headers:
      Content-Length:
      - "530"
      Content-Security-Policy:
      - default-src 'none'; frame-ancestors 'none'
      Content-Type:
      - application/json
      Date:
      - Mon, 16 Oct 2023 16:30:06 GMT
      Link:
      - </snapshots?page=1&per_page=50&name=tf-snapshot-ds-basic>; rel="last"
      Server:
      - Scaleway API-Gateway
      Strict-Transport-Security:
      - max-age=63072000
      X-Content-Type-Options:
      - nosniff
      X-Frame-Options:
      - DENY
      X-Request-Id:
      - e6963b3d-431f-4623-9a8c-77182d9d7ffb
      X-Total-Count:
      - "1"
    status: 200 OK
    code: 200
    duration: ""
- request:
    body: ""
    form: {}
    headers:
      User-Agent:
      - scaleway-sdk-go/v1.0.0-beta.7+dev (go1.21.1; darwin; amd64) terraform-provider/develop
        terraform/terraform-tests
    url: https://api.scaleway.com/instance/v1/zones/fr-par-1/snapshots/749e4ca5-55c9-4e47-ad87-19bb2794c632
    method: GET
  response:
    body: '{"snapshot":{"base_volume":{"id":"660c51b1-f4da-4b44-a07d-2f957578c2fc","name":"tf-vol-agitated-swartz"},"creation_date":"2023-10-16T16:29:56.595375+00:00","error_details":null,"id":"749e4ca5-55c9-4e47-ad87-19bb2794c632","modification_date":"2023-10-16T16:30:01.574547+00:00","name":"tf-snapshot-ds-basic","organization":"105bdce1-64c0-48ab-899d-868455867ecf","project":"105bdce1-64c0-48ab-899d-868455867ecf","size":2000000000,"state":"available","tags":[],"volume_type":"b_ssd","zone":"fr-par-1"}}'
    headers:
      Content-Length:
      - "527"
      Content-Security-Policy:
      - default-src 'none'; frame-ancestors 'none'
      Content-Type:
      - application/json
      Date:
      - Mon, 16 Oct 2023 16:30:06 GMT
      Server:
      - Scaleway API-Gateway
      Strict-Transport-Security:
      - max-age=63072000
      X-Content-Type-Options:
      - nosniff
      X-Frame-Options:
      - DENY
      X-Request-Id:
      - c72eb547-d6b0-4c41-998f-e6c8fcbeb66d
    status: 200 OK
    code: 200
    duration: ""
- request:
    body: ""
    form: {}
    headers:
      User-Agent:
      - scaleway-sdk-go/v1.0.0-beta.7+dev (go1.21.1; darwin; amd64) terraform-provider/develop
        terraform/terraform-tests
    url: https://api.scaleway.com/instance/v1/zones/fr-par-1/snapshots/749e4ca5-55c9-4e47-ad87-19bb2794c632
    method: GET
  response:
    body: '{"snapshot":{"base_volume":{"id":"660c51b1-f4da-4b44-a07d-2f957578c2fc","name":"tf-vol-agitated-swartz"},"creation_date":"2023-10-16T16:29:56.595375+00:00","error_details":null,"id":"749e4ca5-55c9-4e47-ad87-19bb2794c632","modification_date":"2023-10-16T16:30:01.574547+00:00","name":"tf-snapshot-ds-basic","organization":"105bdce1-64c0-48ab-899d-868455867ecf","project":"105bdce1-64c0-48ab-899d-868455867ecf","size":2000000000,"state":"available","tags":[],"volume_type":"b_ssd","zone":"fr-par-1"}}'
    headers:
      Content-Length:
      - "527"
      Content-Security-Policy:
      - default-src 'none'; frame-ancestors 'none'
      Content-Type:
      - application/json
      Date:
      - Mon, 16 Oct 2023 16:30:06 GMT
      Server:
      - Scaleway API-Gateway
      Strict-Transport-Security:
      - max-age=63072000
      X-Content-Type-Options:
      - nosniff
      X-Frame-Options:
      - DENY
      X-Request-Id:
      - 0c4224d0-a9c3-4bee-bc79-42fb0cdba78d
    status: 200 OK
    code: 200
    duration: ""
- request:
    body: ""
    form: {}
    headers:
      User-Agent:
      - scaleway-sdk-go/v1.0.0-beta.7+dev (go1.21.1; darwin; amd64) terraform-provider/develop
        terraform/terraform-tests
    url: https://api.scaleway.com/instance/v1/zones/fr-par-1/snapshots/749e4ca5-55c9-4e47-ad87-19bb2794c632
    method: DELETE
  response:
    body: ""
    headers:
      Content-Security-Policy:
      - default-src 'none'; frame-ancestors 'none'
      Date:
      - Mon, 16 Oct 2023 16:30:06 GMT
      Server:
      - Scaleway API-Gateway
      Strict-Transport-Security:
      - max-age=63072000
      X-Content-Type-Options:
      - nosniff
      X-Frame-Options:
      - DENY
      X-Request-Id:
      - 40661398-39ef-4288-9fce-25036e907edf
    status: 204 No Content
    code: 204
    duration: ""
- request:
    body: ""
    form: {}
    headers:
      User-Agent:
      - scaleway-sdk-go/v1.0.0-beta.7+dev (go1.21.1; darwin; amd64) terraform-provider/develop
        terraform/terraform-tests
    url: https://api.scaleway.com/instance/v1/zones/fr-par-1/snapshots/749e4ca5-55c9-4e47-ad87-19bb2794c632
    method: GET
  response:
    body: '{"message":"resource is not found","resource":"instance_snapshot","resource_id":"749e4ca5-55c9-4e47-ad87-19bb2794c632","type":"not_found"}'
    headers:
      Content-Length:
      - "145"
      Content-Security-Policy:
      - default-src 'none'; frame-ancestors 'none'
      Content-Type:
      - application/json
      Date:
      - Mon, 16 Oct 2023 16:30:06 GMT
      Server:
      - Scaleway API-Gateway
      Strict-Transport-Security:
      - max-age=63072000
      X-Content-Type-Options:
      - nosniff
      X-Frame-Options:
      - DENY
      X-Request-Id:
      - 08ea0e24-2970-48d9-b910-e0069af6dfd3
    status: 404 Not Found
    code: 404
    duration: ""
- request:
    body: ""
    form: {}
    headers:
      User-Agent:
      - scaleway-sdk-go/v1.0.0-beta.7+dev (go1.21.1; darwin; amd64) terraform-provider/develop
        terraform/terraform-tests
    url: https://api.scaleway.com/instance/v1/zones/fr-par-1/volumes/660c51b1-f4da-4b44-a07d-2f957578c2fc
    method: GET
  response:
    body: '{"volume":{"creation_date":"2023-10-16T16:29:56.158527+00:00","export_uri":null,"id":"660c51b1-f4da-4b44-a07d-2f957578c2fc","modification_date":"2023-10-16T16:30:01.574547+00:00","name":"tf-vol-agitated-swartz","organization":"105bdce1-64c0-48ab-899d-868455867ecf","project":"105bdce1-64c0-48ab-899d-868455867ecf","server":null,"size":2000000000,"state":"available","tags":[],"volume_type":"b_ssd","zone":"fr-par-1"}}'
    headers:
      Content-Length:
      - "443"
      Content-Security-Policy:
      - default-src 'none'; frame-ancestors 'none'
      Content-Type:
      - application/json
      Date:
      - Mon, 16 Oct 2023 16:30:07 GMT
      Server:
      - Scaleway API-Gateway
      Strict-Transport-Security:
      - max-age=63072000
      X-Content-Type-Options:
      - nosniff
      X-Frame-Options:
      - DENY
      X-Request-Id:
      - e7262792-16bc-465e-a38b-9768a7d3d846
    status: 200 OK
    code: 200
    duration: ""
- request:
    body: ""
    form: {}
    headers:
      User-Agent:
      - scaleway-sdk-go/v1.0.0-beta.7+dev (go1.21.1; darwin; amd64) terraform-provider/develop
        terraform/terraform-tests
    url: https://api.scaleway.com/instance/v1/zones/fr-par-1/volumes/660c51b1-f4da-4b44-a07d-2f957578c2fc
    method: DELETE
  response:
    body: ""
    headers:
      Content-Security-Policy:
      - default-src 'none'; frame-ancestors 'none'
      Date:
      - Mon, 16 Oct 2023 16:30:07 GMT
      Server:
      - Scaleway API-Gateway
      Strict-Transport-Security:
      - max-age=63072000
      X-Content-Type-Options:
      - nosniff
      X-Frame-Options:
      - DENY
      X-Request-Id:
      - 36eda142-e36b-4bff-bf34-512ee9b15e81
    status: 204 No Content
    code: 204
    duration: ""
- request:
    body: ""
    form: {}
    headers:
      User-Agent:
      - scaleway-sdk-go/v1.0.0-beta.7+dev (go1.21.1; darwin; amd64) terraform-provider/develop
        terraform/terraform-tests
    url: https://api.scaleway.com/instance/v1/zones/fr-par-1/volumes/660c51b1-f4da-4b44-a07d-2f957578c2fc
    method: GET
  response:
    body: '{"message":"resource is not found","resource":"instance_volume","resource_id":"660c51b1-f4da-4b44-a07d-2f957578c2fc","type":"not_found"}'
    headers:
      Content-Length:
      - "143"
      Content-Security-Policy:
      - default-src 'none'; frame-ancestors 'none'
      Content-Type:
      - application/json
      Date:
      - Mon, 16 Oct 2023 16:30:07 GMT
      Server:
      - Scaleway API-Gateway
      Strict-Transport-Security:
      - max-age=63072000
      X-Content-Type-Options:
      - nosniff
      X-Frame-Options:
      - DENY
      X-Request-Id:
      - ca29c4bb-1575-4778-b388-b87a468efdd9
    status: 404 Not Found
    code: 404
    duration: ""
- request:
    body: ""
    form: {}
    headers:
      User-Agent:
      - scaleway-sdk-go/v1.0.0-beta.7+dev (go1.21.1; darwin; amd64) terraform-provider/develop
        terraform/terraform-tests
    url: https://api.scaleway.com/instance/v1/zones/fr-par-1/snapshots/749e4ca5-55c9-4e47-ad87-19bb2794c632
    method: GET
  response:
    body: '{"message":"resource is not found","resource":"instance_snapshot","resource_id":"749e4ca5-55c9-4e47-ad87-19bb2794c632","type":"not_found"}'
    headers:
      Content-Length:
      - "145"
      Content-Security-Policy:
      - default-src 'none'; frame-ancestors 'none'
      Content-Type:
      - application/json
      Date:
      - Mon, 16 Oct 2023 16:30:07 GMT
      Server:
      - Scaleway API-Gateway
      Strict-Transport-Security:
      - max-age=63072000
      X-Content-Type-Options:
      - nosniff
      X-Frame-Options:
      - DENY
      X-Request-Id:
      - 07f14d6a-17dd-42a8-b4d6-b4380a17501a
    status: 404 Not Found
    code: 404
    duration: ""
- request:
    body: ""
    form: {}
    headers:
      User-Agent:
      - scaleway-sdk-go/v1.0.0-beta.7+dev (go1.21.1; darwin; amd64) terraform-provider/develop
        terraform/terraform-tests
    url: https://api.scaleway.com/instance/v1/zones/fr-par-1/snapshots/749e4ca5-55c9-4e47-ad87-19bb2794c632
    method: GET
  response:
    body: '{"message":"resource is not found","resource":"instance_snapshot","resource_id":"749e4ca5-55c9-4e47-ad87-19bb2794c632","type":"not_found"}'
    headers:
      Content-Length:
      - "145"
      Content-Security-Policy:
      - default-src 'none'; frame-ancestors 'none'
      Content-Type:
      - application/json
      Date:
      - Mon, 16 Oct 2023 16:30:07 GMT
      Server:
      - Scaleway API-Gateway
      Strict-Transport-Security:
      - max-age=63072000
      X-Content-Type-Options:
      - nosniff
      X-Frame-Options:
      - DENY
      X-Request-Id:
      - 2ea46638-bf93-4c07-8ec0-1310694d7b3a
    status: 404 Not Found
    code: 404
    duration: ""
- request:
    body: ""
    form: {}
    headers:
      User-Agent:
      - scaleway-sdk-go/v1.0.0-beta.7+dev (go1.21.1; darwin; amd64) terraform-provider/develop
        terraform/terraform-tests
    url: https://api.scaleway.com/instance/v1/zones/fr-par-1/snapshots/749e4ca5-55c9-4e47-ad87-19bb2794c632
    method: GET
  response:
    body: '{"message":"resource is not found","resource":"instance_snapshot","resource_id":"749e4ca5-55c9-4e47-ad87-19bb2794c632","type":"not_found"}'
    headers:
      Content-Length:
      - "145"
      Content-Security-Policy:
      - default-src 'none'; frame-ancestors 'none'
      Content-Type:
      - application/json
      Date:
      - Mon, 16 Oct 2023 16:30:07 GMT
      Server:
      - Scaleway API-Gateway
      Strict-Transport-Security:
      - max-age=63072000
      X-Content-Type-Options:
      - nosniff
      X-Frame-Options:
      - DENY
      X-Request-Id:
      - 846ee84a-c3f2-4572-925c-2b7d56f012db
    status: 404 Not Found
    code: 404
    duration: ""
