---
version: 1
interactions:
- request:
    body: '{"name":"tf-project-sleepy-wescoff","organization_id":"ee7bd9e1-9cbd-4724-b2f4-19e50f3cf38b","description":""}'
    form: {}
    headers:
      Content-Type:
      - application/json
      User-Agent:
      - scaleway-sdk-go/v1.0.0-beta.7+dev (go1.21.1; linux; amd64) terraform-provider/develop
        terraform/terraform-tests
    url: https://api.scaleway.com/account/v3/projects
    method: POST
  response:
    body: '{"created_at":"2023-12-05T12:42:01.754245Z","description":"","id":"10ab2c0b-e5de-44b9-83c6-644d06fbf4e9","name":"tf-project-sleepy-wescoff","organization_id":"ee7bd9e1-9cbd-4724-b2f4-19e50f3cf38b","updated_at":"2023-12-05T12:42:01.754245Z"}'
    headers:
      Content-Length:
      - "240"
      Content-Security-Policy:
      - default-src 'none'; frame-ancestors 'none'
      Content-Type:
      - application/json
      Date:
      - Tue, 05 Dec 2023 12:42:01 GMT
      Server:
      - Scaleway API-Gateway
      Strict-Transport-Security:
      - max-age=63072000
      X-Content-Type-Options:
      - nosniff
      X-Frame-Options:
      - DENY
      X-Request-Id:
      - bb08253e-10d7-426d-9871-4901bd98d26a
    status: 200 OK
    code: 200
    duration: ""
- request:
    body: ""
    form: {}
    headers:
      User-Agent:
      - scaleway-sdk-go/v1.0.0-beta.7+dev (go1.21.1; linux; amd64) terraform-provider/develop
        terraform/terraform-tests
    url: https://api.scaleway.com/account/v3/projects/10ab2c0b-e5de-44b9-83c6-644d06fbf4e9
    method: GET
  response:
    body: '{"created_at":"2023-12-05T12:42:01.754245Z","description":"","id":"10ab2c0b-e5de-44b9-83c6-644d06fbf4e9","name":"tf-project-sleepy-wescoff","organization_id":"ee7bd9e1-9cbd-4724-b2f4-19e50f3cf38b","updated_at":"2023-12-05T12:42:01.754245Z"}'
    headers:
      Content-Length:
      - "240"
      Content-Security-Policy:
      - default-src 'none'; frame-ancestors 'none'
      Content-Type:
      - application/json
      Date:
      - Tue, 05 Dec 2023 12:42:02 GMT
      Server:
      - Scaleway API-Gateway
      Strict-Transport-Security:
      - max-age=63072000
      X-Content-Type-Options:
      - nosniff
      X-Frame-Options:
      - DENY
      X-Request-Id:
      - 0a904a3a-6ec8-4acc-9fd1-5c4e36326a6d
    status: 200 OK
    code: 200
    duration: ""
- request:
    body: '{"project_id":"10ab2c0b-e5de-44b9-83c6-644d06fbf4e9"}'
    form: {}
    headers:
      Content-Type:
      - application/json
      User-Agent:
      - scaleway-sdk-go/v1.0.0-beta.7+dev (go1.21.1; linux; amd64) terraform-provider/develop
        terraform/terraform-tests
    url: https://api.scaleway.com/mnq/v1beta1/regions/fr-par/activate-sns
    method: POST
  response:
    body: '{"created_at":"2023-12-05T12:42:02.183194809Z","project_id":"10ab2c0b-e5de-44b9-83c6-644d06fbf4e9","region":"fr-par","sns_endpoint_url":"https://sns.mnq.fr-par.scaleway.com","status":"enabled","updated_at":"2023-12-05T12:42:02.183194809Z"}'
    headers:
      Content-Length:
      - "239"
      Content-Security-Policy:
      - default-src 'none'; frame-ancestors 'none'
      Content-Type:
      - application/json
      Date:
      - Tue, 05 Dec 2023 12:42:02 GMT
      Server:
      - Scaleway API-Gateway
      Strict-Transport-Security:
      - max-age=63072000
      X-Content-Type-Options:
      - nosniff
      X-Frame-Options:
      - DENY
      X-Request-Id:
      - 92a95a5e-fbce-430d-96dc-ad5818b2d3f9
    status: 200 OK
    code: 200
    duration: ""
- request:
    body: ""
    form: {}
    headers:
      User-Agent:
      - scaleway-sdk-go/v1.0.0-beta.7+dev (go1.21.1; linux; amd64) terraform-provider/develop
        terraform/terraform-tests
    url: https://api.scaleway.com/mnq/v1beta1/regions/fr-par/sns-info?project_id=10ab2c0b-e5de-44b9-83c6-644d06fbf4e9
    method: GET
  response:
    body: '{"created_at":"2023-12-05T12:42:02.183194Z","project_id":"10ab2c0b-e5de-44b9-83c6-644d06fbf4e9","region":"fr-par","sns_endpoint_url":"https://sns.mnq.fr-par.scaleway.com","status":"enabled","updated_at":"2023-12-05T12:42:02.183194Z"}'
    headers:
      Content-Length:
      - "233"
      Content-Security-Policy:
      - default-src 'none'; frame-ancestors 'none'
      Content-Type:
      - application/json
      Date:
      - Tue, 05 Dec 2023 12:42:02 GMT
      Server:
      - Scaleway API-Gateway
      Strict-Transport-Security:
      - max-age=63072000
      X-Content-Type-Options:
      - nosniff
      X-Frame-Options:
      - DENY
      X-Request-Id:
      - 739f4f05-9133-45ce-a256-87ee90399e13
    status: 200 OK
    code: 200
    duration: ""
- request:
    body: ""
    form: {}
    headers:
      User-Agent:
      - scaleway-sdk-go/v1.0.0-beta.7+dev (go1.21.1; linux; amd64) terraform-provider/develop
        terraform/terraform-tests
    url: https://api.scaleway.com/mnq/v1beta1/regions/fr-par/sns-info?project_id=10ab2c0b-e5de-44b9-83c6-644d06fbf4e9
    method: GET
  response:
    body: '{"created_at":"2023-12-05T12:42:02.183194Z","project_id":"10ab2c0b-e5de-44b9-83c6-644d06fbf4e9","region":"fr-par","sns_endpoint_url":"https://sns.mnq.fr-par.scaleway.com","status":"enabled","updated_at":"2023-12-05T12:42:02.183194Z"}'
    headers:
      Content-Length:
      - "233"
      Content-Security-Policy:
      - default-src 'none'; frame-ancestors 'none'
      Content-Type:
      - application/json
      Date:
      - Tue, 05 Dec 2023 12:42:02 GMT
      Server:
      - Scaleway API-Gateway
      Strict-Transport-Security:
      - max-age=63072000
      X-Content-Type-Options:
      - nosniff
      X-Frame-Options:
      - DENY
      X-Request-Id:
      - 520936ed-f3b4-43bf-acec-edb60878a418
    status: 200 OK
    code: 200
    duration: ""
- request:
    body: ""
    form: {}
    headers:
      User-Agent:
      - scaleway-sdk-go/v1.0.0-beta.7+dev (go1.21.1; linux; amd64) terraform-provider/develop
        terraform/terraform-tests
    url: https://api.scaleway.com/account/v3/projects/10ab2c0b-e5de-44b9-83c6-644d06fbf4e9
    method: GET
  response:
    body: '{"created_at":"2023-12-05T12:42:01.754245Z","description":"","id":"10ab2c0b-e5de-44b9-83c6-644d06fbf4e9","name":"tf-project-sleepy-wescoff","organization_id":"ee7bd9e1-9cbd-4724-b2f4-19e50f3cf38b","updated_at":"2023-12-05T12:42:01.754245Z"}'
    headers:
      Content-Length:
      - "240"
      Content-Security-Policy:
      - default-src 'none'; frame-ancestors 'none'
      Content-Type:
      - application/json
      Date:
      - Tue, 05 Dec 2023 12:42:03 GMT
      Server:
      - Scaleway API-Gateway
      Strict-Transport-Security:
      - max-age=63072000
      X-Content-Type-Options:
      - nosniff
      X-Frame-Options:
      - DENY
      X-Request-Id:
      - 2c37e1ed-bcba-48c8-b6a1-07ab0d43bb5a
    status: 200 OK
    code: 200
    duration: ""
- request:
    body: ""
    form: {}
    headers:
      User-Agent:
      - scaleway-sdk-go/v1.0.0-beta.7+dev (go1.21.1; linux; amd64) terraform-provider/develop
        terraform/terraform-tests
    url: https://api.scaleway.com/mnq/v1beta1/regions/fr-par/sns-info?project_id=10ab2c0b-e5de-44b9-83c6-644d06fbf4e9
    method: GET
  response:
    body: '{"created_at":"2023-12-05T12:42:02.183194Z","project_id":"10ab2c0b-e5de-44b9-83c6-644d06fbf4e9","region":"fr-par","sns_endpoint_url":"https://sns.mnq.fr-par.scaleway.com","status":"enabled","updated_at":"2023-12-05T12:42:02.183194Z"}'
    headers:
      Content-Length:
      - "233"
      Content-Security-Policy:
      - default-src 'none'; frame-ancestors 'none'
      Content-Type:
      - application/json
      Date:
      - Tue, 05 Dec 2023 12:42:03 GMT
      Server:
      - Scaleway API-Gateway
      Strict-Transport-Security:
      - max-age=63072000
      X-Content-Type-Options:
      - nosniff
      X-Frame-Options:
      - DENY
      X-Request-Id:
      - 31612830-4236-4f0f-9028-b6ab25348ce9
    status: 200 OK
    code: 200
    duration: ""
- request:
    body: ""
    form: {}
    headers:
      User-Agent:
      - scaleway-sdk-go/v1.0.0-beta.7+dev (go1.21.1; linux; amd64) terraform-provider/develop
        terraform/terraform-tests
    url: https://api.scaleway.com/mnq/v1beta1/regions/fr-par/sns-info?project_id=10ab2c0b-e5de-44b9-83c6-644d06fbf4e9
    method: GET
  response:
    body: '{"created_at":"2023-12-05T12:42:02.183194Z","project_id":"10ab2c0b-e5de-44b9-83c6-644d06fbf4e9","region":"fr-par","sns_endpoint_url":"https://sns.mnq.fr-par.scaleway.com","status":"enabled","updated_at":"2023-12-05T12:42:02.183194Z"}'
    headers:
      Content-Length:
      - "233"
      Content-Security-Policy:
      - default-src 'none'; frame-ancestors 'none'
      Content-Type:
      - application/json
      Date:
      - Tue, 05 Dec 2023 12:42:05 GMT
      Server:
      - Scaleway API-Gateway
      Strict-Transport-Security:
      - max-age=63072000
      X-Content-Type-Options:
      - nosniff
      X-Frame-Options:
      - DENY
      X-Request-Id:
      - bf95659f-e007-4ef4-ac61-c7c71a8e173a
    status: 200 OK
    code: 200
    duration: ""
- request:
    body: '{"project_id":"10ab2c0b-e5de-44b9-83c6-644d06fbf4e9"}'
    form: {}
    headers:
      Content-Type:
      - application/json
      User-Agent:
      - scaleway-sdk-go/v1.0.0-beta.7+dev (go1.21.1; linux; amd64) terraform-provider/develop
        terraform/terraform-tests
    url: https://api.scaleway.com/mnq/v1beta1/regions/fr-par/deactivate-sns
    method: POST
  response:
    body: '{"created_at":null,"project_id":"10ab2c0b-e5de-44b9-83c6-644d06fbf4e9","region":"fr-par","sns_endpoint_url":"https://sns.mnq.fr-par.scaleway.com","status":"disabled","updated_at":null}'
    headers:
      Content-Length:
      - "184"
      Content-Security-Policy:
      - default-src 'none'; frame-ancestors 'none'
      Content-Type:
      - application/json
      Date:
      - Tue, 05 Dec 2023 12:42:05 GMT
      Server:
      - Scaleway API-Gateway
      Strict-Transport-Security:
      - max-age=63072000
      X-Content-Type-Options:
      - nosniff
      X-Frame-Options:
      - DENY
      X-Request-Id:
      - d6c37ddb-e615-4070-b042-29f54e2cb9a5
    status: 200 OK
    code: 200
    duration: ""
- request:
    body: ""
    form: {}
    headers:
      User-Agent:
      - scaleway-sdk-go/v1.0.0-beta.7+dev (go1.21.1; linux; amd64) terraform-provider/develop
        terraform/terraform-tests
    url: https://api.scaleway.com/account/v3/projects/10ab2c0b-e5de-44b9-83c6-644d06fbf4e9
    method: DELETE
  response:
    body: ""
    headers:
      Content-Security-Policy:
      - default-src 'none'; frame-ancestors 'none'
      Content-Type:
      - application/json
      Date:
      - Tue, 05 Dec 2023 12:42:06 GMT
      Server:
      - Scaleway API-Gateway
      Strict-Transport-Security:
      - max-age=63072000
      X-Content-Type-Options:
      - nosniff
      X-Frame-Options:
      - DENY
      X-Request-Id:
      - 601c1201-0169-4521-812a-e5d632792038
    status: 204 No Content
    code: 204
    duration: ""
- request:
    body: '{"project_id":"10ab2c0b-e5de-44b9-83c6-644d06fbf4e9"}'
    form: {}
    headers:
      Content-Type:
      - application/json
      User-Agent:
      - scaleway-sdk-go/v1.0.0-beta.7+dev (go1.21.1; linux; amd64) terraform-provider/develop
        terraform/terraform-tests
    url: https://api.scaleway.com/mnq/v1beta1/regions/fr-par/deactivate-sns
    method: POST
  response:
    body: '{"message":"resource is not found","resource":"MnqSNSNamespace","resource_id":"10ab2c0b-e5de-44b9-83c6-644d06fbf4e9","type":"not_found"}'
    headers:
      Content-Length:
      - "136"
      Content-Security-Policy:
      - default-src 'none'; frame-ancestors 'none'
      Content-Type:
      - application/json
      Date:
      - Tue, 05 Dec 2023 12:42:06 GMT
      Server:
      - Scaleway API-Gateway
      Strict-Transport-Security:
      - max-age=63072000
      X-Content-Type-Options:
      - nosniff
      X-Frame-Options:
      - DENY
      X-Request-Id:
      - c8efe28d-e6b3-4d39-af68-8245fcac7018
    status: 404 Not Found
    code: 404
    duration: ""
